// Jest Snapshot v1, https://goo.gl/fbAQLP

exports[`Product Features Service Static Page <ProductFeatures /> component renders correctly 1`] = `ShallowWrapper {}`;
